07-23 01:08:24.918  7665  7690 I TestRunner: started: order_snackbar(com.example.lunchtray.OrderFunctionalityTests)
07-23 01:08:24.931  7665  7665 D LifecycleMonitor: Lifecycle status change: com.example.lunchtray.MainActivity@6e8d8d4 in: DESTROYED
07-23 01:08:24.931  7665  7665 V ActivityScenario: Update currentActivityStage to DESTROYED, currentActivity=null
07-23 01:08:24.931  7665  7665 V ActivityScenario: Update currentActivityStage to DESTROYED, currentActivity=null
07-23 01:08:24.943  7665  7692 D OpenGLRenderer: endAllActiveAnimators on 0x72ba4d5f7350 (RippleDrawable) with handle 0x72b95d5bb7b0
07-23 01:08:24.943  7665  7692 D OpenGLRenderer: endAllActiveAnimators on 0x72ba4d5e6b60 (RippleDrawable) with handle 0x72b95d5b9e90
07-23 01:08:24.943  7665  7692 D OpenGLRenderer: endAllActiveAnimators on 0x72ba4d5d7d30 (RippleDrawable) with handle 0x72b95d5b7af0
07-23 01:08:24.943  7665  7692 D OpenGLRenderer: endAllActiveAnimators on 0x72ba4d5cf600 (RippleDrawable) with handle 0x72b95d5b5870
07-23 01:08:24.944   561  2043 W InputManager-JNI: Input channel object '90a8643 com.example.lunchtray/com.example.lunchtray.MainActivity (client)' was disposed without first being removed with the input manager!
07-23 01:08:24.958  7665  7690 W Settings: Setting always_finish_activities has moved from android.provider.Settings.System to android.provider.Settings.Global, returning read-only value.
07-23 01:08:24.973   751   846 D SplashScreenView: Build android.window.SplashScreenView{acb78c0 V.E...... ......ID 0,0-0,0}
07-23 01:08:24.973   751   846 D SplashScreenView: Icon: view: null drawable: null size: 0
07-23 01:08:24.973   751   846 D SplashScreenView: Branding: view: android.view.View{bed19f9 G.ED..... ......I. 0,0-0,0 #10204a6 android:id/splashscreen_branding_view} drawable: null size w: 0 h: 0
07-23 01:08:24.984  7665  7665 D LifecycleMonitor: Lifecycle status change: androidx.test.core.app.InstrumentationActivityInvoker$BootstrapActivity@a4520ea in: PRE_ON_CREATE
07-23 01:08:24.984  7665  7665 V ActivityScenario: Activity lifecycle changed event received but ignored because the intent does not match. startActivityIntent=Intent { act=android.intent.action.MAIN cat=[android.intent.category.LAUNCHER] cmp=com.example.lunchtray/.MainActivity }, activity.getIntent()=Intent { act=android.intent.action.MAIN cat=[android.intent.category.LAUNCHER] flg=0x10008000 cmp=com.example.lunchtray/androidx.test.core.app.InstrumentationActivityInvoker$BootstrapActivity (has extras) }, activity=androidx.test.core.app.InstrumentationActivityInvoker$BootstrapActivity@a4520ea
07-23 01:08:24.985  7665  7665 V ActivityScenario: Activity lifecycle changed event received but ignored because the intent does not match. startActivityIntent=Intent { act=android.intent.action.MAIN cat=[android.intent.category.LAUNCHER] cmp=com.example.lunchtray/.MainActivity }, activity.getIntent()=Intent { act=android.intent.action.MAIN cat=[android.intent.category.LAUNCHER] flg=0x10008000 cmp=com.example.lunchtray/androidx.test.core.app.InstrumentationActivityInvoker$BootstrapActivity (has extras) }, activity=androidx.test.core.app.InstrumentationActivityInvoker$BootstrapActivity@a4520ea
07-23 01:08:24.985  7665  7665 V ActivityScenario: Activity lifecycle changed event received but ignored because the intent does not match. startActivityIntent=Intent { act=android.intent.action.MAIN cat=[android.intent.category.LAUNCHER] cmp=com.example.lunchtray/.MainActivity }, activity.getIntent()=Intent { act=android.intent.action.MAIN cat=[android.intent.category.LAUNCHER] flg=0x10008000 cmp=com.example.lunchtray/androidx.test.core.app.InstrumentationActivityInvoker$BootstrapActivity (has extras) }, activity=androidx.test.core.app.InstrumentationActivityInvoker$BootstrapActivity@a4520ea
07-23 01:08:24.995   351   406 D goldfish-address-space: claimShared: Ask to claim region [0x3f4000000 0x3f49a4000]
07-23 01:08:24.998  7665  7665 D LifecycleMonitor: Lifecycle status change: androidx.test.core.app.InstrumentationActivityInvoker$BootstrapActivity@a4520ea in: CREATED
07-23 01:08:24.998   351   406 D goldfish-address-space: claimShared: Ask to claim region [0x3f9ecc000 0x3fa870000]
07-23 01:08:25.001  7665  7665 V ActivityScenario: Activity lifecycle changed event received but ignored because the intent does not match. startActivityIntent=Intent { act=android.intent.action.MAIN cat=[android.intent.category.LAUNCHER] cmp=com.example.lunchtray/.MainActivity }, activity.getIntent()=Intent { act=android.intent.action.MAIN cat=[android.intent.category.LAUNCHER] flg=0x10008000 cmp=com.example.lunchtray/androidx.test.core.app.InstrumentationActivityInvoker$BootstrapActivity (has extras) }, activity=androidx.test.core.app.InstrumentationActivityInvoker$BootstrapActivity@a4520ea
07-23 01:08:25.003  7665  7665 V ActivityScenario: Activity lifecycle changed event received but ignored because the intent does not match. startActivityIntent=Intent { act=android.intent.action.MAIN cat=[android.intent.category.LAUNCHER] cmp=com.example.lunchtray/.MainActivity }, activity.getIntent()=Intent { act=android.intent.action.MAIN cat=[android.intent.category.LAUNCHER] flg=0x10008000 cmp=com.example.lunchtray/androidx.test.core.app.InstrumentationActivityInvoker$BootstrapActivity (has extras) }, activity=androidx.test.core.app.InstrumentationActivityInvoker$BootstrapActivity@a4520ea
07-23 01:08:25.003  7665  7665 V ActivityScenario: Activity lifecycle changed event received but ignored because the intent does not match. startActivityIntent=Intent { act=android.intent.action.MAIN cat=[android.intent.category.LAUNCHER] cmp=com.example.lunchtray/.MainActivity }, activity.getIntent()=Intent { act=android.intent.action.MAIN cat=[android.intent.category.LAUNCHER] flg=0x10008000 cmp=com.example.lunchtray/androidx.test.core.app.InstrumentationActivityInvoker$BootstrapActivity (has extras) }, activity=androidx.test.core.app.InstrumentationActivityInvoker$BootstrapActivity@a4520ea
07-23 01:08:25.008  7665  7665 D LifecycleMonitor: Lifecycle status change: androidx.test.core.app.InstrumentationActivityInvoker$BootstrapActivity@a4520ea in: STARTED
07-23 01:08:25.009  7665  7665 V ActivityScenario: Activity lifecycle changed event received but ignored because the intent does not match. startActivityIntent=Intent { act=android.intent.action.MAIN cat=[android.intent.category.LAUNCHER] cmp=com.example.lunchtray/.MainActivity }, activity.getIntent()=Intent { act=android.intent.action.MAIN cat=[android.intent.category.LAUNCHER] flg=0x10008000 cmp=com.example.lunchtray/androidx.test.core.app.InstrumentationActivityInvoker$BootstrapActivity (has extras) }, activity=androidx.test.core.app.InstrumentationActivityInvoker$BootstrapActivity@a4520ea
07-23 01:08:25.009  7665  7665 V ActivityScenario: Activity lifecycle changed event received but ignored because the intent does not match. startActivityIntent=Intent { act=android.intent.action.MAIN cat=[android.intent.category.LAUNCHER] cmp=com.example.lunchtray/.MainActivity }, activity.getIntent()=Intent { act=android.intent.action.MAIN cat=[android.intent.category.LAUNCHER] flg=0x10008000 cmp=com.example.lunchtray/androidx.test.core.app.InstrumentationActivityInvoker$BootstrapActivity (has extras) }, activity=androidx.test.core.app.InstrumentationActivityInvoker$BootstrapActivity@a4520ea
07-23 01:08:25.011  7665  7665 V ActivityScenario: Activity lifecycle changed event received but ignored because the intent does not match. startActivityIntent=Intent { act=android.intent.action.MAIN cat=[android.intent.category.LAUNCHER] cmp=com.example.lunchtray/.MainActivity }, activity.getIntent()=Intent { act=android.intent.action.MAIN cat=[android.intent.category.LAUNCHER] flg=0x10008000 cmp=com.example.lunchtray/androidx.test.core.app.InstrumentationActivityInvoker$BootstrapActivity (has extras) }, activity=androidx.test.core.app.InstrumentationActivityInvoker$BootstrapActivity@a4520ea
07-23 01:08:25.017   351   406 D goldfish-address-space: claimShared: Ask to claim region [0x3fa870000 0x3fb214000]
07-23 01:08:25.028  7665  7665 D LifecycleMonitor: Lifecycle status change: androidx.test.core.app.InstrumentationActivityInvoker$BootstrapActivity@a4520ea in: RESUMED
07-23 01:08:25.029  7665  7665 V ActivityScenario: Activity lifecycle changed event received but ignored because the intent does not match. startActivityIntent=Intent { act=android.intent.action.MAIN cat=[android.intent.category.LAUNCHER] cmp=com.example.lunchtray/.MainActivity }, activity.getIntent()=Intent { act=android.intent.action.MAIN cat=[android.intent.category.LAUNCHER] flg=0x10008000 cmp=com.example.lunchtray/androidx.test.core.app.InstrumentationActivityInvoker$BootstrapActivity (has extras) }, activity=androidx.test.core.app.InstrumentationActivityInvoker$BootstrapActivity@a4520ea
07-23 01:08:25.029  7665  7665 V ActivityScenario: Activity lifecycle changed event received but ignored because the intent does not match. startActivityIntent=Intent { act=android.intent.action.MAIN cat=[android.intent.category.LAUNCHER] cmp=com.example.lunchtray/.MainActivity }, activity.getIntent()=Intent { act=android.intent.action.MAIN cat=[android.intent.category.LAUNCHER] flg=0x10008000 cmp=com.example.lunchtray/androidx.test.core.app.InstrumentationActivityInvoker$BootstrapActivity (has extras) }, activity=androidx.test.core.app.InstrumentationActivityInvoker$BootstrapActivity@a4520ea
07-23 01:08:25.029  7665  7665 V ActivityScenario: Activity lifecycle changed event received but ignored because the intent does not match. startActivityIntent=Intent { act=android.intent.action.MAIN cat=[android.intent.category.LAUNCHER] cmp=com.example.lunchtray/.MainActivity }, activity.getIntent()=Intent { act=android.intent.action.MAIN cat=[android.intent.category.LAUNCHER] flg=0x10008000 cmp=com.example.lunchtray/androidx.test.core.app.InstrumentationActivityInvoker$BootstrapActivity (has extras) }, activity=androidx.test.core.app.InstrumentationActivityInvoker$BootstrapActivity@a4520ea
07-23 01:08:25.035  7665  7665 D LifecycleMonitor: Lifecycle status change: androidx.test.core.app.InstrumentationActivityInvoker$BootstrapActivity@a4520ea in: PAUSED
07-23 01:08:25.035  7665  7665 V ActivityScenario: Activity lifecycle changed event received but ignored because the intent does not match. startActivityIntent=Intent { act=android.intent.action.MAIN cat=[android.intent.category.LAUNCHER] cmp=com.example.lunchtray/.MainActivity }, activity.getIntent()=Intent { act=android.intent.action.MAIN cat=[android.intent.category.LAUNCHER] flg=0x10008000 cmp=com.example.lunchtray/androidx.test.core.app.InstrumentationActivityInvoker$BootstrapActivity (has extras) }, activity=androidx.test.core.app.InstrumentationActivityInvoker$BootstrapActivity@a4520ea
07-23 01:08:25.036  7665  7665 V ActivityScenario: Activity lifecycle changed event received but ignored because the intent does not match. startActivityIntent=Intent { act=android.intent.action.MAIN cat=[android.intent.category.LAUNCHER] cmp=com.example.lunchtray/.MainActivity }, activity.getIntent()=Intent { act=android.intent.action.MAIN cat=[android.intent.category.LAUNCHER] flg=0x10008000 cmp=com.example.lunchtray/androidx.test.core.app.InstrumentationActivityInvoker$BootstrapActivity (has extras) }, activity=androidx.test.core.app.InstrumentationActivityInvoker$BootstrapActivity@a4520ea
07-23 01:08:25.036  7665  7665 V ActivityScenario: Activity lifecycle changed event received but ignored because the intent does not match. startActivityIntent=Intent { act=android.intent.action.MAIN cat=[android.intent.category.LAUNCHER] cmp=com.example.lunchtray/.MainActivity }, activity.getIntent()=Intent { act=android.intent.action.MAIN cat=[android.intent.category.LAUNCHER] flg=0x10008000 cmp=com.example.lunchtray/androidx.test.core.app.InstrumentationActivityInvoker$BootstrapActivity (has extras) }, activity=androidx.test.core.app.InstrumentationActivityInvoker$BootstrapActivity@a4520ea
07-23 01:08:25.064  7665  7665 D LifecycleMonitor: Lifecycle status change: com.example.lunchtray.MainActivity@4a3a624 in: PRE_ON_CREATE
07-23 01:08:25.064  7665  7665 V ActivityScenario: Activity lifecycle changed event received but ignored because the reported transition was not ON_CREATE while the last known transition was DESTROYED
07-23 01:08:25.064  7665  7665 V ActivityScenario: Activity lifecycle changed event received but ignored because the reported transition was not ON_CREATE while the last known transition was DESTROYED
07-23 01:08:25.064  7665  7665 V ActivityScenario: Activity lifecycle changed event received but ignored because the reported transition was not ON_CREATE while the last known transition was PRE_ON_CREATE
07-23 01:08:25.072  1779  1779 I A       : onApplyWindowInsets: systemWindowInsets=Insets{left=0, top=145, right=0, bottom=132}
07-23 01:08:25.072  1779  1779 I A       : onApplyWindowInsets: Adjusting for display cutouts. Safe insets: left=0, top=136, right=0, bottom=0
07-23 01:08:25.072  1779  1779 I A       : onApplyWindowInsets: systemWindowInsets=Insets{left=0, top=145, right=0, bottom=132}
07-23 01:08:25.093  7665  7665 D LifecycleMonitor: Lifecycle status change: com.example.lunchtray.MainActivity@4a3a624 in: CREATED
07-23 01:08:25.093  7665  7665 V ActivityScenario: Update currentActivityStage to CREATED, currentActivity=com.example.lunchtray.MainActivity@4a3a624
07-23 01:08:25.093  7665  7665 V ActivityScenario: Update currentActivityStage to CREATED, currentActivity=com.example.lunchtray.MainActivity@4a3a624
07-23 01:08:25.093  7665  7665 V ActivityScenario: Update currentActivityStage to CREATED, currentActivity=com.example.lunchtray.MainActivity@4a3a624
07-23 01:08:25.102  1483  1483 I GsaVoiceInteractionSrv: Handling ACTION_STOP_HOTWORD
07-23 01:08:25.102  1483  1483 E HwDetectorWithState: a: 3
07-23 01:08:25.105  7665  7665 D LifecycleMonitor: Lifecycle status change: com.example.lunchtray.MainActivity@4a3a624 in: STARTED
07-23 01:08:25.105  7665  7665 V ActivityScenario: Update currentActivityStage to STARTED, currentActivity=com.example.lunchtray.MainActivity@4a3a624
07-23 01:08:25.105  7665  7665 V ActivityScenario: Update currentActivityStage to STARTED, currentActivity=com.example.lunchtray.MainActivity@4a3a624
07-23 01:08:25.106  7665  7665 V ActivityScenario: Update currentActivityStage to STARTED, currentActivity=com.example.lunchtray.MainActivity@4a3a624
07-23 01:08:25.107  7665  7665 D LifecycleMonitor: Lifecycle status change: com.example.lunchtray.MainActivity@4a3a624 in: RESUMED
07-23 01:08:25.107  7665  7665 V ActivityScenario: Update currentActivityStage to RESUMED, currentActivity=com.example.lunchtray.MainActivity@4a3a624
07-23 01:08:25.107  7665  7665 V ActivityScenario: Update currentActivityStage to RESUMED, currentActivity=com.example.lunchtray.MainActivity@4a3a624
07-23 01:08:25.107  7665  7665 V ActivityScenario: Update currentActivityStage to RESUMED, currentActivity=com.example.lunchtray.MainActivity@4a3a624
07-23 01:08:25.127   351   406 D goldfish-address-space: claimShared: Ask to claim region [0x3f25cc000 0x3f2f70000]
07-23 01:08:25.141   351   406 D goldfish-address-space: claimShared: Ask to claim region [0x3f2f70000 0x3f3914000]
07-23 01:08:25.158   351   406 D goldfish-address-space: claimShared: Ask to claim region [0x3f062c000 0x3f0fd0000]
07-23 01:08:25.171  7665  7665 D RootViewPicker: Root not ready - waiting: 10ms for one to appear.
07-23 01:08:25.178  1365  1365 I GoogleInputMethodService: GoogleInputMethodService.onFinishInput():3420
07-23 01:08:25.179  1365  1365 I GoogleInputMethodService: GoogleInputMethodService.onStartInput():2002
07-23 01:08:25.179  1365  1365 I DeviceUnlockedTag: DeviceUnlockedTag.notifyDeviceLockStatusChanged():31 Notify device unlocked.
07-23 01:08:25.209  7665  7665 I ViewInteraction: Performing 'single click' action on view view.getId() is <2131231208/com.example.lunchtray:id/start_order_btn>
07-23 01:08:25.496  7665  7665 D LifecycleMonitor: Lifecycle status change: androidx.test.core.app.InstrumentationActivityInvoker$BootstrapActivity@a4520ea in: STOPPED
07-23 01:08:25.497  7665  7665 V ActivityScenario: Activity lifecycle changed event received but ignored because the intent does not match. startActivityIntent=Intent { act=android.intent.action.MAIN cat=[android.intent.category.LAUNCHER] cmp=com.example.lunchtray/.MainActivity }, activity.getIntent()=Intent { act=android.intent.action.MAIN cat=[android.intent.category.LAUNCHER] flg=0x10008000 cmp=com.example.lunchtray/androidx.test.core.app.InstrumentationActivityInvoker$BootstrapActivity (has extras) }, activity=androidx.test.core.app.InstrumentationActivityInvoker$BootstrapActivity@a4520ea
07-23 01:08:25.498  7665  7665 V ActivityScenario: Activity lifecycle changed event received but ignored because the intent does not match. startActivityIntent=Intent { act=android.intent.action.MAIN cat=[android.intent.category.LAUNCHER] cmp=com.example.lunchtray/.MainActivity }, activity.getIntent()=Intent { act=android.intent.action.MAIN cat=[android.intent.category.LAUNCHER] flg=0x10008000 cmp=com.example.lunchtray/androidx.test.core.app.InstrumentationActivityInvoker$BootstrapActivity (has extras) }, activity=androidx.test.core.app.InstrumentationActivityInvoker$BootstrapActivity@a4520ea
07-23 01:08:25.499  7665  7665 V ActivityScenario: Activity lifecycle changed event received but ignored because the intent does not match. startActivityIntent=Intent { act=android.intent.action.MAIN cat=[android.intent.category.LAUNCHER] cmp=com.example.lunchtray/.MainActivity }, activity.getIntent()=Intent { act=android.intent.action.MAIN cat=[android.intent.category.LAUNCHER] flg=0x10008000 cmp=com.example.lunchtray/androidx.test.core.app.InstrumentationActivityInvoker$BootstrapActivity (has extras) }, activity=androidx.test.core.app.InstrumentationActivityInvoker$BootstrapActivity@a4520ea
07-23 01:08:25.506   561  1875 W InputManager-JNI: Input channel object '1e3180 Splash Screen com.example.lunchtray (client)' was disposed without first being removed with the input manager!
07-23 01:08:25.620  7665  7665 I ViewInteraction: Performing 'single click' action on view view.getId() is <2131230844/com.example.lunchtray:id/cauliflower>
07-23 01:08:26.010  7665  7665 I ViewInteraction: Performing 'single click' action on view view.getId() is <2131231081/com.example.lunchtray:id/next_button>
07-23 01:08:26.173  7665  7692 D EGL_emulation: app_time_stats: avg=13.66ms min=2.09ms max=201.77ms count=47
07-23 01:08:26.404  7665  7665 I ViewInteraction: Performing 'single click' action on view view.getId() is <2131231138/com.example.lunchtray:id/salad>
07-23 01:08:26.772  7665  7665 I ViewInteraction: Performing 'single click' action on view view.getId() is <2131231081/com.example.lunchtray:id/next_button>
07-23 01:08:27.181  7665  7665 I ViewInteraction: Performing 'single click' action on view view.getId() is <2131230835/com.example.lunchtray:id/bread>
07-23 01:08:27.237  7665  7692 D EGL_emulation: app_time_stats: avg=25.81ms min=11.96ms max=220.44ms count=41
07-23 01:08:27.486  7665  7665 I ViewInteraction: Performing 'single click' action on view view.getId() is <2131231081/com.example.lunchtray:id/next_button>
07-23 01:08:27.851  7665  7665 I ViewInteraction: Performing 'single click' action on view view.getId() is <2131231216/com.example.lunchtray:id/submit_button>
07-23 01:08:28.272  7665  7665 I ViewInteraction: Checking 'MatchesViewAssertion{viewMatcher=(view has effective visibility <VISIBLE> and view.getGlobalVisibleRect() to return non-empty rectangle)}' assertion on view an instance of android.widget.TextView and view.getText() with or without transformation to match: a string containing "Order Submitted!"
07-23 01:08:28.274  7665  7690 I TestRunner: finished: order_snackbar(com.example.lunchtray.OrderFunctionalityTests)
