07-23 01:08:21.176  7665  7690 I TestRunner: started: subtotal_updates_in_full_order_flow(com.example.lunchtray.OrderFunctionalityTests)
07-23 01:08:21.225  7665  7690 W Settings: Setting always_finish_activities has moved from android.provider.Settings.System to android.provider.Settings.Global, returning read-only value.
07-23 01:08:21.249   751   846 D SplashScreenView: Build android.window.SplashScreenView{1a58766 V.E...... ......ID 0,0-0,0}
07-23 01:08:21.249   751   846 D SplashScreenView: Icon: view: null drawable: null size: 0
07-23 01:08:21.249   751   846 D SplashScreenView: Branding: view: android.view.View{19feaa7 G.ED..... ......I. 0,0-0,0 #10204a6 android:id/splashscreen_branding_view} drawable: null size w: 0 h: 0
07-23 01:08:21.270  7665  7665 D LifecycleMonitor: Lifecycle status change: androidx.test.core.app.InstrumentationActivityInvoker$BootstrapActivity@2d4751a in: PRE_ON_CREATE
07-23 01:08:21.270  7665  7665 V ActivityScenario: Activity lifecycle changed event received but ignored because the intent does not match. startActivityIntent=Intent { act=android.intent.action.MAIN cat=[android.intent.category.LAUNCHER] cmp=com.example.lunchtray/.MainActivity }, activity.getIntent()=Intent { act=android.intent.action.MAIN cat=[android.intent.category.LAUNCHER] flg=0x10008000 cmp=com.example.lunchtray/androidx.test.core.app.InstrumentationActivityInvoker$BootstrapActivity (has extras) }, activity=androidx.test.core.app.InstrumentationActivityInvoker$BootstrapActivity@2d4751a
07-23 01:08:21.271  7665  7665 V ActivityScenario: Activity lifecycle changed event received but ignored because the intent does not match. startActivityIntent=Intent { act=android.intent.action.MAIN cat=[android.intent.category.LAUNCHER] cmp=com.example.lunchtray/.MainActivity }, activity.getIntent()=Intent { act=android.intent.action.MAIN cat=[android.intent.category.LAUNCHER] flg=0x10008000 cmp=com.example.lunchtray/androidx.test.core.app.InstrumentationActivityInvoker$BootstrapActivity (has extras) }, activity=androidx.test.core.app.InstrumentationActivityInvoker$BootstrapActivity@2d4751a
07-23 01:08:21.278  7665  7665 D LifecycleMonitor: Lifecycle status change: androidx.test.core.app.InstrumentationActivityInvoker$BootstrapActivity@2d4751a in: CREATED
07-23 01:08:21.279  7665  7665 V ActivityScenario: Activity lifecycle changed event received but ignored because the intent does not match. startActivityIntent=Intent { act=android.intent.action.MAIN cat=[android.intent.category.LAUNCHER] cmp=com.example.lunchtray/.MainActivity }, activity.getIntent()=Intent { act=android.intent.action.MAIN cat=[android.intent.category.LAUNCHER] flg=0x10008000 cmp=com.example.lunchtray/androidx.test.core.app.InstrumentationActivityInvoker$BootstrapActivity (has extras) }, activity=androidx.test.core.app.InstrumentationActivityInvoker$BootstrapActivity@2d4751a
07-23 01:08:21.279  7665  7665 V ActivityScenario: Activity lifecycle changed event received but ignored because the intent does not match. startActivityIntent=Intent { act=android.intent.action.MAIN cat=[android.intent.category.LAUNCHER] cmp=com.example.lunchtray/.MainActivity }, activity.getIntent()=Intent { act=android.intent.action.MAIN cat=[android.intent.category.LAUNCHER] flg=0x10008000 cmp=com.example.lunchtray/androidx.test.core.app.InstrumentationActivityInvoker$BootstrapActivity (has extras) }, activity=androidx.test.core.app.InstrumentationActivityInvoker$BootstrapActivity@2d4751a
07-23 01:08:21.282  7665  7665 D LifecycleMonitor: Lifecycle status change: androidx.test.core.app.InstrumentationActivityInvoker$BootstrapActivity@2d4751a in: STARTED
07-23 01:08:21.282  7665  7665 V ActivityScenario: Activity lifecycle changed event received but ignored because the intent does not match. startActivityIntent=Intent { act=android.intent.action.MAIN cat=[android.intent.category.LAUNCHER] cmp=com.example.lunchtray/.MainActivity }, activity.getIntent()=Intent { act=android.intent.action.MAIN cat=[android.intent.category.LAUNCHER] flg=0x10008000 cmp=com.example.lunchtray/androidx.test.core.app.InstrumentationActivityInvoker$BootstrapActivity (has extras) }, activity=androidx.test.core.app.InstrumentationActivityInvoker$BootstrapActivity@2d4751a
07-23 01:08:21.282  7665  7665 V ActivityScenario: Activity lifecycle changed event received but ignored because the intent does not match. startActivityIntent=Intent { act=android.intent.action.MAIN cat=[android.intent.category.LAUNCHER] cmp=com.example.lunchtray/.MainActivity }, activity.getIntent()=Intent { act=android.intent.action.MAIN cat=[android.intent.category.LAUNCHER] flg=0x10008000 cmp=com.example.lunchtray/androidx.test.core.app.InstrumentationActivityInvoker$BootstrapActivity (has extras) }, activity=androidx.test.core.app.InstrumentationActivityInvoker$BootstrapActivity@2d4751a
07-23 01:08:21.294  7665  7665 D LifecycleMonitor: Lifecycle status change: androidx.test.core.app.InstrumentationActivityInvoker$BootstrapActivity@2d4751a in: RESUMED
07-23 01:08:21.295  7665  7665 V ActivityScenario: Activity lifecycle changed event received but ignored because the intent does not match. startActivityIntent=Intent { act=android.intent.action.MAIN cat=[android.intent.category.LAUNCHER] cmp=com.example.lunchtray/.MainActivity }, activity.getIntent()=Intent { act=android.intent.action.MAIN cat=[android.intent.category.LAUNCHER] flg=0x10008000 cmp=com.example.lunchtray/androidx.test.core.app.InstrumentationActivityInvoker$BootstrapActivity (has extras) }, activity=androidx.test.core.app.InstrumentationActivityInvoker$BootstrapActivity@2d4751a
07-23 01:08:21.295  7665  7665 V ActivityScenario: Activity lifecycle changed event received but ignored because the intent does not match. startActivityIntent=Intent { act=android.intent.action.MAIN cat=[android.intent.category.LAUNCHER] cmp=com.example.lunchtray/.MainActivity }, activity.getIntent()=Intent { act=android.intent.action.MAIN cat=[android.intent.category.LAUNCHER] flg=0x10008000 cmp=com.example.lunchtray/androidx.test.core.app.InstrumentationActivityInvoker$BootstrapActivity (has extras) }, activity=androidx.test.core.app.InstrumentationActivityInvoker$BootstrapActivity@2d4751a
07-23 01:08:21.300   351   406 D goldfish-address-space: claimShared: Ask to claim region [0x3f0fd0000 0x3f1974000]
07-23 01:08:21.306  7665  7665 D LifecycleMonitor: Lifecycle status change: androidx.test.core.app.InstrumentationActivityInvoker$BootstrapActivity@2d4751a in: PAUSED
07-23 01:08:21.306  7665  7665 V ActivityScenario: Activity lifecycle changed event received but ignored because the intent does not match. startActivityIntent=Intent { act=android.intent.action.MAIN cat=[android.intent.category.LAUNCHER] cmp=com.example.lunchtray/.MainActivity }, activity.getIntent()=Intent { act=android.intent.action.MAIN cat=[android.intent.category.LAUNCHER] flg=0x10008000 cmp=com.example.lunchtray/androidx.test.core.app.InstrumentationActivityInvoker$BootstrapActivity (has extras) }, activity=androidx.test.core.app.InstrumentationActivityInvoker$BootstrapActivity@2d4751a
07-23 01:08:21.306  7665  7665 V ActivityScenario: Activity lifecycle changed event received but ignored because the intent does not match. startActivityIntent=Intent { act=android.intent.action.MAIN cat=[android.intent.category.LAUNCHER] cmp=com.example.lunchtray/.MainActivity }, activity.getIntent()=Intent { act=android.intent.action.MAIN cat=[android.intent.category.LAUNCHER] flg=0x10008000 cmp=com.example.lunchtray/androidx.test.core.app.InstrumentationActivityInvoker$BootstrapActivity (has extras) }, activity=androidx.test.core.app.InstrumentationActivityInvoker$BootstrapActivity@2d4751a
07-23 01:08:21.309   351   406 D goldfish-address-space: claimShared: Ask to claim region [0x3f6140000 0x3f6ae4000]
07-23 01:08:21.329  7665  7665 D LifecycleMonitor: Lifecycle status change: com.example.lunchtray.MainActivity@6e8d8d4 in: PRE_ON_CREATE
07-23 01:08:21.329  7665  7665 V ActivityScenario: Activity lifecycle changed event received but ignored because the reported transition was not ON_CREATE while the last known transition was DESTROYED
07-23 01:08:21.330  7665  7665 V ActivityScenario: Activity lifecycle changed event received but ignored because the reported transition was not ON_CREATE while the last known transition was PRE_ON_CREATE
07-23 01:08:21.334   351   406 D goldfish-address-space: claimShared: Ask to claim region [0x3f4000000 0x3f49a4000]
07-23 01:08:21.366  1483  1483 I GsaVoiceInteractionSrv: Handling ACTION_STOP_HOTWORD
07-23 01:08:21.366  1483  1483 E HwDetectorWithState: a: 3
07-23 01:08:21.380  7665  7665 D LifecycleMonitor: Lifecycle status change: com.example.lunchtray.MainActivity@6e8d8d4 in: CREATED
07-23 01:08:21.380  7665  7665 V ActivityScenario: Update currentActivityStage to CREATED, currentActivity=com.example.lunchtray.MainActivity@6e8d8d4
07-23 01:08:21.380  7665  7665 V ActivityScenario: Update currentActivityStage to CREATED, currentActivity=com.example.lunchtray.MainActivity@6e8d8d4
07-23 01:08:21.401  7665  7665 D LifecycleMonitor: Lifecycle status change: com.example.lunchtray.MainActivity@6e8d8d4 in: STARTED
07-23 01:08:21.401  7665  7665 V ActivityScenario: Update currentActivityStage to STARTED, currentActivity=com.example.lunchtray.MainActivity@6e8d8d4
07-23 01:08:21.401  7665  7665 V ActivityScenario: Update currentActivityStage to STARTED, currentActivity=com.example.lunchtray.MainActivity@6e8d8d4
07-23 01:08:21.404  7665  7665 D LifecycleMonitor: Lifecycle status change: com.example.lunchtray.MainActivity@6e8d8d4 in: RESUMED
07-23 01:08:21.404  7665  7665 V ActivityScenario: Update currentActivityStage to RESUMED, currentActivity=com.example.lunchtray.MainActivity@6e8d8d4
07-23 01:08:21.405  7665  7665 V ActivityScenario: Update currentActivityStage to RESUMED, currentActivity=com.example.lunchtray.MainActivity@6e8d8d4
07-23 01:08:21.414  7665  7665 D LifecycleMonitor: Lifecycle status change: androidx.test.core.app.InstrumentationActivityInvoker$BootstrapActivity@2d4751a in: STOPPED
07-23 01:08:21.415  7665  7665 V ActivityScenario: Activity lifecycle changed event received but ignored because the intent does not match. startActivityIntent=Intent { act=android.intent.action.MAIN cat=[android.intent.category.LAUNCHER] cmp=com.example.lunchtray/.MainActivity }, activity.getIntent()=Intent { act=android.intent.action.MAIN cat=[android.intent.category.LAUNCHER] flg=0x10008000 cmp=com.example.lunchtray/androidx.test.core.app.InstrumentationActivityInvoker$BootstrapActivity (has extras) }, activity=androidx.test.core.app.InstrumentationActivityInvoker$BootstrapActivity@2d4751a
07-23 01:08:21.415  7665  7665 V ActivityScenario: Activity lifecycle changed event received but ignored because the intent does not match. startActivityIntent=Intent { act=android.intent.action.MAIN cat=[android.intent.category.LAUNCHER] cmp=com.example.lunchtray/.MainActivity }, activity.getIntent()=Intent { act=android.intent.action.MAIN cat=[android.intent.category.LAUNCHER] flg=0x10008000 cmp=com.example.lunchtray/androidx.test.core.app.InstrumentationActivityInvoker$BootstrapActivity (has extras) }, activity=androidx.test.core.app.InstrumentationActivityInvoker$BootstrapActivity@2d4751a
07-23 01:08:21.441   351   406 D goldfish-address-space: claimShared: Ask to claim region [0x3fa870000 0x3fb214000]
07-23 01:08:21.454   351   406 D goldfish-address-space: claimShared: Ask to claim region [0x3fb214000 0x3fbbb8000]
07-23 01:08:21.468   351   406 D goldfish-address-space: claimShared: Ask to claim region [0x3f8000000 0x3f89a4000]
07-23 01:08:21.494   561   588 I ActivityTaskManager: Displayed com.example.lunchtray/.MainActivity: +256ms
07-23 01:08:21.500  7665  7665 D RootViewPicker: Root not ready - waiting: 10ms for one to appear.
07-23 01:08:21.507  1365  1365 I GoogleInputMethodService: GoogleInputMethodService.onFinishInput():3420
07-23 01:08:21.507  1365  1365 I GoogleInputMethodService: GoogleInputMethodService.onStartInput():2002
07-23 01:08:21.509  1365  1365 I DeviceUnlockedTag: DeviceUnlockedTag.notifyDeviceLockStatusChanged():31 Notify device unlocked.
07-23 01:08:21.596  7665  7665 I ViewInteraction: Performing 'single click' action on view view.getId() is <2131231208/com.example.lunchtray:id/start_order_btn>
07-23 01:08:21.675  1779  1779 I A       : onApplyWindowInsets: systemWindowInsets=Insets{left=0, top=145, right=0, bottom=132}
07-23 01:08:21.675  1779  1779 I A       : onApplyWindowInsets: Adjusting for display cutouts. Safe insets: left=0, top=136, right=0, bottom=0
07-23 01:08:21.675  1779  1779 I A       : onApplyWindowInsets: systemWindowInsets=Insets{left=0, top=145, right=0, bottom=132}
07-23 01:08:21.778   561  1875 W InputManager-JNI: Input channel object '477b88c Splash Screen com.example.lunchtray (client)' was disposed without first being removed with the input manager!
07-23 01:08:22.037  7665  7665 I ViewInteraction: Performing 'single click' action on view view.getId() is <2131230844/com.example.lunchtray:id/cauliflower>
07-23 01:08:22.424  7665  7665 I ViewInteraction: Performing 'single click' action on view view.getId() is <2131231081/com.example.lunchtray:id/next_button>
07-23 01:08:22.506  7665  7692 D EGL_emulation: app_time_stats: avg=17.47ms min=2.09ms max=231.82ms count=43
07-23 01:08:22.838  7665  7665 I ViewInteraction: Performing 'single click' action on view view.getId() is <2131231138/com.example.lunchtray:id/salad>
07-23 01:08:23.208  7665  7665 I ViewInteraction: Checking 'MatchesViewAssertion{viewMatcher=an instance of android.widget.TextView and view.getText() with or without transformation to match: a string containing "Subtotal: $9.50"}' assertion on view view.getId() is <2131231217/com.example.lunchtray:id/subtotal>
07-23 01:08:23.211  7665  7665 I ViewInteraction: Performing 'single click' action on view view.getId() is <2131231081/com.example.lunchtray:id/next_button>
07-23 01:08:23.602  7665  7665 I ViewInteraction: Performing 'single click' action on view view.getId() is <2131230835/com.example.lunchtray:id/bread>
07-23 01:08:23.670  7665  7692 D EGL_emulation: app_time_stats: avg=24.74ms min=7.12ms max=203.44ms count=46
07-23 01:08:23.916  7665  7665 I ViewInteraction: Checking 'MatchesViewAssertion{viewMatcher=an instance of android.widget.TextView and view.getText() with or without transformation to match: a string containing "Subtotal: $10.00"}' assertion on view view.getId() is <2131231217/com.example.lunchtray:id/subtotal>
07-23 01:08:23.925  7665  7665 I ViewInteraction: Performing 'single click' action on view view.getId() is <2131231081/com.example.lunchtray:id/next_button>
07-23 01:08:24.306  7665  7665 I ViewInteraction: Checking 'MatchesViewAssertion{viewMatcher=an instance of android.widget.TextView and view.getText() with or without transformation to match: a string containing "Subtotal: $10.00"}' assertion on view view.getId() is <2131231217/com.example.lunchtray:id/subtotal>
07-23 01:08:24.312  7665  7690 I TestRunner: finished: subtotal_updates_in_full_order_flow(com.example.lunchtray.OrderFunctionalityTests)
