07-23 01:08:12.869  7665  7690 I TestRunner: started: radio_buttons_update_side_menu_subtotal(com.example.lunchtray.OrderFunctionalityTests)
07-23 01:08:12.887  7665  7690 W Settings: Setting always_finish_activities has moved from android.provider.Settings.System to android.provider.Settings.Global, returning read-only value.
07-23 01:08:12.898  7665  7690 D CompatibilityChangeReporter: Compat change id reported: 160794467; UID 10160; state: ENABLED
07-23 01:08:12.943   751   846 D SplashScreenView: Build android.window.SplashScreenView{1d76653 V.E...... ......ID 0,0-0,0}
07-23 01:08:12.943   751   846 D SplashScreenView: Icon: view: null drawable: null size: 0
07-23 01:08:12.943   751   846 D SplashScreenView: Branding: view: android.view.View{1160b90 G.ED..... ......I. 0,0-0,0 #10204a6 android:id/splashscreen_branding_view} drawable: null size w: 0 h: 0
07-23 01:08:12.964  7665  7693 D libEGL  : loaded /vendor/lib64/egl/libEGL_emulation.so
07-23 01:08:12.966  7665  7693 D libEGL  : loaded /vendor/lib64/egl/libGLESv1_CM_emulation.so
07-23 01:08:12.969  7665  7693 D libEGL  : loaded /vendor/lib64/egl/libGLESv2_emulation.so
07-23 01:08:12.970   351   495 D goldfish-address-space: claimShared: Ask to claim region [0x3f0000000 0x3f09a4000]
07-23 01:08:12.999   351   495 D goldfish-address-space: claimShared: Ask to claim region [0x3f09a4000 0x3f1348000]
07-23 01:08:13.008  7665  7665 D LifecycleMonitor: Lifecycle status change: androidx.test.core.app.InstrumentationActivityInvoker$BootstrapActivity@43e4bee in: PRE_ON_CREATE
07-23 01:08:13.011  7665  7665 V ActivityScenario: Activity lifecycle changed event received but ignored because the intent does not match. startActivityIntent=Intent { act=android.intent.action.MAIN cat=[android.intent.category.LAUNCHER] cmp=com.example.lunchtray/androidx.fragment.app.testing.FragmentScenario$EmptyFragmentActivity (has extras) }, activity.getIntent()=Intent { act=android.intent.action.MAIN cat=[android.intent.category.LAUNCHER] flg=0x10008000 cmp=com.example.lunchtray/androidx.test.core.app.InstrumentationActivityInvoker$BootstrapActivity (has extras) }, activity=androidx.test.core.app.InstrumentationActivityInvoker$BootstrapActivity@43e4bee
07-23 01:08:13.013   351   495 D goldfish-address-space: claimShared: Ask to claim region [0x3f1348000 0x3f1cec000]
07-23 01:08:13.041  1093  1702 D EGL_emulation: app_time_stats: avg=1209.45ms min=1209.45ms max=1209.45ms count=1
07-23 01:08:13.054  1483  1483 I GsaVoiceInteractionSrv: Handling ACTION_STOP_HOTWORD
07-23 01:08:13.055  1483  1483 E HwDetectorWithState: a: 3
07-23 01:08:13.076  7665  7665 D LifecycleMonitor: Lifecycle status change: androidx.test.core.app.InstrumentationActivityInvoker$BootstrapActivity@43e4bee in: CREATED
07-23 01:08:13.076  7665  7665 V ActivityScenario: Activity lifecycle changed event received but ignored because the intent does not match. startActivityIntent=Intent { act=android.intent.action.MAIN cat=[android.intent.category.LAUNCHER] cmp=com.example.lunchtray/androidx.fragment.app.testing.FragmentScenario$EmptyFragmentActivity (has extras) }, activity.getIntent()=Intent { act=android.intent.action.MAIN cat=[android.intent.category.LAUNCHER] flg=0x10008000 cmp=com.example.lunchtray/androidx.test.core.app.InstrumentationActivityInvoker$BootstrapActivity (has extras) }, activity=androidx.test.core.app.InstrumentationActivityInvoker$BootstrapActivity@43e4bee
07-23 01:08:13.081  7665  7665 D LifecycleMonitor: Lifecycle status change: androidx.test.core.app.InstrumentationActivityInvoker$BootstrapActivity@43e4bee in: STARTED
07-23 01:08:13.082  7665  7665 V ActivityScenario: Activity lifecycle changed event received but ignored because the intent does not match. startActivityIntent=Intent { act=android.intent.action.MAIN cat=[android.intent.category.LAUNCHER] cmp=com.example.lunchtray/androidx.fragment.app.testing.FragmentScenario$EmptyFragmentActivity (has extras) }, activity.getIntent()=Intent { act=android.intent.action.MAIN cat=[android.intent.category.LAUNCHER] flg=0x10008000 cmp=com.example.lunchtray/androidx.test.core.app.InstrumentationActivityInvoker$BootstrapActivity (has extras) }, activity=androidx.test.core.app.InstrumentationActivityInvoker$BootstrapActivity@43e4bee
07-23 01:08:13.094  7665  7665 D LifecycleMonitor: Lifecycle status change: androidx.test.core.app.InstrumentationActivityInvoker$BootstrapActivity@43e4bee in: RESUMED
07-23 01:08:13.095  7665  7665 V ActivityScenario: Activity lifecycle changed event received but ignored because the intent does not match. startActivityIntent=Intent { act=android.intent.action.MAIN cat=[android.intent.category.LAUNCHER] cmp=com.example.lunchtray/androidx.fragment.app.testing.FragmentScenario$EmptyFragmentActivity (has extras) }, activity.getIntent()=Intent { act=android.intent.action.MAIN cat=[android.intent.category.LAUNCHER] flg=0x10008000 cmp=com.example.lunchtray/androidx.test.core.app.InstrumentationActivityInvoker$BootstrapActivity (has extras) }, activity=androidx.test.core.app.InstrumentationActivityInvoker$BootstrapActivity@43e4bee
07-23 01:08:13.101  7665  7665 D LifecycleMonitor: Lifecycle status change: androidx.test.core.app.InstrumentationActivityInvoker$BootstrapActivity@43e4bee in: PAUSED
07-23 01:08:13.101  7665  7665 V ActivityScenario: Activity lifecycle changed event received but ignored because the intent does not match. startActivityIntent=Intent { act=android.intent.action.MAIN cat=[android.intent.category.LAUNCHER] cmp=com.example.lunchtray/androidx.fragment.app.testing.FragmentScenario$EmptyFragmentActivity (has extras) }, activity.getIntent()=Intent { act=android.intent.action.MAIN cat=[android.intent.category.LAUNCHER] flg=0x10008000 cmp=com.example.lunchtray/androidx.test.core.app.InstrumentationActivityInvoker$BootstrapActivity (has extras) }, activity=androidx.test.core.app.InstrumentationActivityInvoker$BootstrapActivity@43e4bee
07-23 01:08:13.172  7665  7665 D LifecycleMonitor: Lifecycle status change: androidx.fragment.app.testing.FragmentScenario$EmptyFragmentActivity@cbbc120 in: PRE_ON_CREATE
07-23 01:08:13.173  7665  7665 V ActivityScenario: Activity lifecycle changed event received but ignored because the reported transition was not ON_CREATE while the last known transition was PRE_ON_CREATE
07-23 01:08:13.290  7665  7665 D LifecycleMonitor: Lifecycle status change: androidx.fragment.app.testing.FragmentScenario$EmptyFragmentActivity@cbbc120 in: CREATED
07-23 01:08:13.290  7665  7665 V ActivityScenario: Update currentActivityStage to CREATED, currentActivity=androidx.fragment.app.testing.FragmentScenario$EmptyFragmentActivity@cbbc120
07-23 01:08:13.293  7665  7665 D LifecycleMonitor: Lifecycle status change: androidx.fragment.app.testing.FragmentScenario$EmptyFragmentActivity@cbbc120 in: STARTED
07-23 01:08:13.293  7665  7665 V ActivityScenario: Update currentActivityStage to STARTED, currentActivity=androidx.fragment.app.testing.FragmentScenario$EmptyFragmentActivity@cbbc120
07-23 01:08:13.294  7665  7665 D LifecycleMonitor: Lifecycle status change: androidx.fragment.app.testing.FragmentScenario$EmptyFragmentActivity@cbbc120 in: RESUMED
07-23 01:08:13.294  7665  7665 V ActivityScenario: Update currentActivityStage to RESUMED, currentActivity=androidx.fragment.app.testing.FragmentScenario$EmptyFragmentActivity@cbbc120
07-23 01:08:13.331  7665  7692 D HostConnection: createUnique: call
07-23 01:08:13.337  7665  7692 D HostConnection: HostConnection::get() New Host Connection established 0x72b9cd555310, tid 7692
07-23 01:08:13.343  7665  7692 D HostConnection: HostComposition ext ANDROID_EMU_CHECKSUM_HELPER_v1 ANDROID_EMU_native_sync_v2 ANDROID_EMU_native_sync_v3 ANDROID_EMU_native_sync_v4 ANDROID_EMU_dma_v1 ANDROID_EMU_direct_mem ANDROID_EMU_host_composition_v1 ANDROID_EMU_host_composition_v2 ANDROID_EMU_vulkan ANDROID_EMU_deferred_vulkan_commands ANDROID_EMU_vulkan_null_optional_strings ANDROID_EMU_vulkan_create_resources_with_requirements ANDROID_EMU_YUV_Cache ANDROID_EMU_vulkan_ignored_handles ANDROID_EMU_has_shared_slots_host_memory_allocator ANDROID_EMU_vulkan_free_memory_sync ANDROID_EMU_vulkan_shader_float16_int8 ANDROID_EMU_vulkan_async_queue_submit ANDROID_EMU_vulkan_queue_submit_with_commands ANDROID_EMU_sync_buffer_data ANDROID_EMU_read_color_buffer_dma GL_OES_EGL_image_external_essl3 GL_OES_vertex_array_object GL_KHR_texture_compression_astc_ldr ANDROID_EMU_host_side_tracing ANDROID_EMU_gles_max_version_3_0
07-23 01:08:13.346   192   192 I hwservicemanager: getTransport: Cannot find entry android.hardware.configstore@1.0::ISurfaceFlingerConfigs/default in either framework or device VINTF manifest.
07-23 01:08:13.347  7665  7692 W OpenGLRenderer: Failed to choose config with EGL_SWAP_BEHAVIOR_PRESERVED, retrying without...
07-23 01:08:13.347  7665  7692 W OpenGLRenderer: Failed to initialize 101010-2 format, error = EGL_SUCCESS
07-23 01:08:13.359  7665  7692 D EGL_emulation: eglCreateContext: 0x72b9cd554710: maj 3 min 0 rcv 3
07-23 01:08:13.365  7665  7692 D EGL_emulation: eglMakeCurrent: 0x72b9cd554710: ver 3 0 (tinfo 0x72bbdf5ae080) (first time)
07-23 01:08:13.369  1779  1779 I A       : onApplyWindowInsets: systemWindowInsets=Insets{left=0, top=145, right=0, bottom=132}
07-23 01:08:13.369  1779  1779 I A       : onApplyWindowInsets: Adjusting for display cutouts. Safe insets: left=0, top=136, right=0, bottom=0
07-23 01:08:13.370  1779  1779 I A       : onApplyWindowInsets: systemWindowInsets=Insets{left=0, top=145, right=0, bottom=132}
07-23 01:08:13.378   409   542 E HWComposer: getSupportedContentTypes: getSupportedContentTypes failed for display 4619827259835644672: Unsupported (8)
07-23 01:08:13.385   192   192 I hwservicemanager: getTransport: Cannot find entry android.hardware.graphics.mapper@4.0::IMapper/default in either framework or device VINTF manifest.
07-23 01:08:13.385  7665  7692 I Gralloc4: mapper 4.x is not supported
07-23 01:08:13.387  7665  7692 D HostConnection: createUnique: call
07-23 01:08:13.387  7665  7692 D HostConnection: HostConnection::get() New Host Connection established 0x72b9cd553bd0, tid 7692
07-23 01:08:13.388  7665  7692 D goldfish-address-space: allocate: Ask for block of size 0x100
07-23 01:08:13.389  7665  7692 D goldfish-address-space: allocate: ioctl allocate returned offset 0x3efffe000 size 0x2000
07-23 01:08:13.390   192   192 I hwservicemanager: getTransport: Cannot find entry android.hardware.graphics.allocator@4.0::IAllocator/default in either framework or device VINTF manifest.
07-23 01:08:13.390  7665  7692 W Gralloc4: allocator 4.x is not supported
07-23 01:08:13.392   351   495 D goldfish-address-space: claimShared: Ask to claim region [0x3f1cec000 0x3f2690000]
07-23 01:08:13.401  7665  7692 D HostConnection: HostComposition ext ANDROID_EMU_CHECKSUM_HELPER_v1 ANDROID_EMU_native_sync_v2 ANDROID_EMU_native_sync_v3 ANDROID_EMU_native_sync_v4 ANDROID_EMU_dma_v1 ANDROID_EMU_direct_mem ANDROID_EMU_host_composition_v1 ANDROID_EMU_host_composition_v2 ANDROID_EMU_vulkan ANDROID_EMU_deferred_vulkan_commands ANDROID_EMU_vulkan_null_optional_strings ANDROID_EMU_vulkan_create_resources_with_requirements ANDROID_EMU_YUV_Cache ANDROID_EMU_vulkan_ignored_handles ANDROID_EMU_has_shared_slots_host_memory_allocator ANDROID_EMU_vulkan_free_memory_sync ANDROID_EMU_vulkan_shader_float16_int8 ANDROID_EMU_vulkan_async_queue_submit ANDROID_EMU_vulkan_queue_submit_with_commands ANDROID_EMU_sync_buffer_data ANDROID_EMU_read_color_buffer_dma GL_OES_EGL_image_external_essl3 GL_OES_vertex_array_object GL_KHR_texture_compression_astc_ldr ANDROID_EMU_host_side_tracing ANDROID_EMU_gles_max_version_3_0
07-23 01:08:13.405   351   495 D goldfish-address-space: claimShared: Ask to claim region [0x3f2690000 0x3f3034000]
07-23 01:08:13.427   351   495 D goldfish-address-space: claimShared: Ask to claim region [0x3f3034000 0x3f39d8000]
07-23 01:08:13.474   561   588 I ActivityTaskManager: Displayed com.example.lunchtray/androidx.fragment.app.testing.FragmentScenario$EmptyFragmentActivity: +564ms
07-23 01:08:13.560  7665  7665 D CompatibilityChangeReporter: Compat change id reported: 171228096; UID 10160; state: ENABLED
07-23 01:08:13.745  7665  7665 D LifecycleMonitor: Lifecycle status change: androidx.test.core.app.InstrumentationActivityInvoker$BootstrapActivity@43e4bee in: STOPPED
07-23 01:08:13.745  7665  7665 V ActivityScenario: Activity lifecycle changed event received but ignored because the intent does not match. startActivityIntent=Intent { act=android.intent.action.MAIN cat=[android.intent.category.LAUNCHER] cmp=com.example.lunchtray/androidx.fragment.app.testing.FragmentScenario$EmptyFragmentActivity (has extras) }, activity.getIntent()=Intent { act=android.intent.action.MAIN cat=[android.intent.category.LAUNCHER] flg=0x10008000 cmp=com.example.lunchtray/androidx.test.core.app.InstrumentationActivityInvoker$BootstrapActivity (has extras) }, activity=androidx.test.core.app.InstrumentationActivityInvoker$BootstrapActivity@43e4bee
07-23 01:08:13.770   561  1874 W InputManager-JNI: Input channel object '4e98baa Splash Screen com.example.lunchtray (client)' was disposed without first being removed with the input manager!
07-23 01:08:13.792  1160  2558 I FontLog : Received query Noto Color Emoji Compat, URI content://com.google.android.gms.fonts [CONTEXT service_id=132 ]
07-23 01:08:13.792  1160  2558 I FontLog : Query [emojicompat-emoji-font] resolved to {Noto Color Emoji Compat, wdth 100.0, wght 400, ital 0.0, bestEffort false} [CONTEXT service_id=132 ]
07-23 01:08:13.795  1160  2558 I FontLog : Fetch {Noto Color Emoji Compat, wdth 100.0, wght 400, ital 0.0, bestEffort false} end status Status{statusCode=SUCCESS, resolution=null} [CONTEXT service_id=132 ]
07-23 01:08:13.797  7665  7690 D EventInjectionStrategy: Creating injection strategy with input manager.
07-23 01:08:13.797  7665  7690 W ample.lunchtra: Accessing hidden method Landroid/hardware/input/InputManager;->getInstance()Landroid/hardware/input/InputManager; (unsupported, reflection, allowed)
07-23 01:08:13.800  7665  7690 W ample.lunchtra: Accessing hidden method Landroid/hardware/input/InputManager;->injectInputEvent(Landroid/view/InputEvent;I)Z (unsupported, reflection, allowed)
07-23 01:08:13.801  7665  7690 W ample.lunchtra: Accessing hidden field Landroid/hardware/input/InputManager;->INJECT_INPUT_EVENT_MODE_WAIT_FOR_FINISH:I (unsupported, reflection, allowed)
07-23 01:08:13.814  1160  2558 I FontLog : Pulling font file for id = 21, cache size = 6 [CONTEXT service_id=132 ]
07-23 01:08:13.830  1160  2558 I FontLog : Pulling font file for id = 21, cache size = 6 [CONTEXT service_id=132 ]
07-23 01:08:13.858  1365  1365 I GoogleInputMethodService: GoogleInputMethodService.onFinishInput():3420
07-23 01:08:13.859  1365  1365 I GoogleInputMethodService: GoogleInputMethodService.onStartInput():2002
07-23 01:08:13.859  1365  1365 I DeviceUnlockedTag: DeviceUnlockedTag.notifyDeviceLockStatusChanged():31 Notify device unlocked.
07-23 01:08:13.995  7665  7690 W ample.lunchtra: Accessing hidden method Landroid/view/ViewConfiguration;->getDoubleTapMinTime()I (unsupported, reflection, allowed)
07-23 01:08:14.026  7665  7665 W ample.lunchtra: Accessing hidden method Landroid/os/MessageQueue;->next()Landroid/os/Message; (unsupported, reflection, allowed)
07-23 01:08:14.027  7665  7665 W ample.lunchtra: Accessing hidden field Landroid/os/MessageQueue;->mMessages:Landroid/os/Message; (unsupported, reflection, allowed)
07-23 01:08:14.027  7665  7665 W ample.lunchtra: Accessing hidden method Landroid/os/Message;->recycleUnchecked()V (unsupported, reflection, allowed)
07-23 01:08:14.046  7665  7665 W ample.lunchtra: Accessing hidden method Landroid/view/WindowManagerGlobal;->getInstance()Landroid/view/WindowManagerGlobal; (unsupported, reflection, allowed)
07-23 01:08:14.046  7665  7665 W ample.lunchtra: Accessing hidden field Landroid/view/WindowManagerGlobal;->mViews:Ljava/util/ArrayList; (unsupported, reflection, allowed)
07-23 01:08:14.047  7665  7665 W ample.lunchtra: Accessing hidden field Landroid/view/WindowManagerGlobal;->mParams:Ljava/util/ArrayList; (unsupported, reflection, allowed)
07-23 01:08:14.058  7665  7665 I ViewInteraction: Performing 'single click' action on view view.getId() is <2131231138/com.example.lunchtray:id/salad>
07-23 01:08:14.464  7665  7665 I ViewInteraction: Checking 'MatchesViewAssertion{viewMatcher=an instance of android.widget.TextView and view.getText() with or without transformation to match: a string containing "Subtotal: $2.50"}' assertion on view view.getId() is <2131231217/com.example.lunchtray:id/subtotal>
07-23 01:08:14.472  7665  7665 I ViewInteraction: Performing 'single click' action on view view.getId() is <2131231187/com.example.lunchtray:id/soup>
07-23 01:08:14.858  7665  7665 I ViewInteraction: Checking 'MatchesViewAssertion{viewMatcher=an instance of android.widget.TextView and view.getText() with or without transformation to match: a string containing "Subtotal: $3.00"}' assertion on view view.getId() is <2131231217/com.example.lunchtray:id/subtotal>
07-23 01:08:14.862  7665  7665 I ViewInteraction: Performing 'single click' action on view view.getId() is <2131231121/com.example.lunchtray:id/potatoes>
07-23 01:08:14.955  7665  7692 D EGL_emulation: app_time_stats: avg=21.61ms min=1.69ms max=489.19ms count=52
07-23 01:08:15.171  7665  7665 I ViewInteraction: Checking 'MatchesViewAssertion{viewMatcher=an instance of android.widget.TextView and view.getText() with or without transformation to match: a string containing "Subtotal: $2.00"}' assertion on view view.getId() is <2131231217/com.example.lunchtray:id/subtotal>
07-23 01:08:15.175  7665  7665 I ViewInteraction: Performing 'single click' action on view view.getId() is <2131231128/com.example.lunchtray:id/rice>
07-23 01:08:15.702  7665  7665 I ViewInteraction: Checking 'MatchesViewAssertion{viewMatcher=an instance of android.widget.TextView and view.getText() with or without transformation to match: a string containing "Subtotal: $1.50"}' assertion on view view.getId() is <2131231217/com.example.lunchtray:id/subtotal>
07-23 01:08:15.704  7665  7690 I TestRunner: finished: radio_buttons_update_side_menu_subtotal(com.example.lunchtray.OrderFunctionalityTests)
